{
    "id": 401,
    "username": "NEWUSERNAME",
    "email": "simpleNewUser@gmail.com",
    "role": "EMPLOYEE"
}