[
    {
        "id": 1,
        "name": "Milk",
        "products": [
            {
                "id": 1,
                "entityId": 1,
                "sold": false
            },
            {
                "id": 2,
                "entityId": 1,
                "sold": false
            }
        ]
    },
    {
        "id": 2,
        "name": "Mr.",
        "products": [
            {
                "id": 3,
                "entityId": 2,
                "sold": false
            },
            {
                "id": 4,
                "entityId": 2,
                "sold": false
            }
        ]
    },
    {
        "id": 3,
        "name": "Eggs",
        "products": [
            {
                "id": 5,
                "entityId": 3,
                "sold": false
            },
            {
                "id": 6,
                "entityId": 3,
                "sold": false
            }
        ]
    },
    {
        "id": 4,
        "name": "Apples",
        "products": [
            {
                "id": 7,
                "entityId": 4,
                "sold": false
            },
            {
                "id": 8,
                "entityId": 4,
                "sold": false
            }
        ]
    },
    {
        "id": 5,
        "name": "Bananas",
        "products": [
            {
                "id": 9,
                "entityId": 5,
                "sold": false
            },
            {
                "id": 10,
                "entityId": 5,
                "sold": false
            }
        ]
    },
    {
        "id": 6,
        "name": "Orange Juice",
        "products": [
            {
                "id": 11,
                "entityId": 6,
                "sold": false
            },
            {
                "id": 12,
                "entityId": 6,
                "sold": false
            }
        ]
    },
    {
        "id": 7,
        "name": "Coffee",
        "products": [
            {
                "id": 13,
                "entityId": 7,
                "sold": false
            },
            {
                "id": 14,
                "entityId": 7,
                "sold": false
            }
        ]
    },
    {
        "id": 8,
        "name": "Tea",
        "products": [
            {
                "id": 15,
                "entityId": 8,
                "sold": false
            },
            {
                "id": 16,
                "entityId": 8,
                "sold": false
            }
        ]
    },
    {
        "id": 9,
        "name": "Cereal",
        "products": [
            {
                "id": 17,
                "entityId": 9,
                "sold": false
            },
            {
                "id": 18,
                "entityId": 9,
                "sold": false
            }
        ]
    },
    {
        "id": 10,
        "name": "Pasta",
        "products": [
            {
                "id": 19,
                "entityId": 10,
                "sold": false
            },
            {
                "id": 20,
                "entityId": 10,
                "sold": false
            }
        ]
    },
    {
        "id": 11,
        "name": "Tomato Sauce",
        "products": [
            {
                "id": 21,
                "entityId": 11,
                "sold": false
            },
            {
                "id": 22,
                "entityId": 11,
                "sold": false
            }
        ]
    },
    {
        "id": 12,
        "name": "Cheese",
        "products": [
            {
                "id": 23,
                "entityId": 12,
                "sold": false
            },
            {
                "id": 24,
                "entityId": 12,
                "sold": false
            }
        ]
    },
    {
        "id": 13,
        "name": "Yogurt",
        "products": [
            {
                "id": 25,
                "entityId": 13,
                "sold": false
            },
            {
                "id": 26,
                "entityId": 13,
                "sold": false
            }
        ]
    },
    {
        "id": 14,
        "name": "Water",
        "products": [
            {
                "id": 27,
                "entityId": 14,
                "sold": false
            },
            {
                "id": 28,
                "entityId": 14,
                "sold": false
            }
        ]
    },
    {
        "id": 15,
        "name": "Soda",
        "products": [
            {
                "id": 29,
                "entityId": 15,
                "sold": false
            },
            {
                "id": 30,
                "entityId": 15,
                "sold": false
            }
        ]
    },
    {
        "id": 16,
        "name": "Chips",
        "products": [
            {
                "id": 31,
                "entityId": 16,
                "sold": false
            },
            {
                "id": 32,
                "entityId": 16,
                "sold": false
            }
        ]
    },
    {
        "id": 17,
        "name": "Candy",
        "products": [
            {
                "id": 33,
                "entityId": 17,
                "sold": false
            },
            {
                "id": 34,
                "entityId": 17,
                "sold": false
            }
        ]
    },
    {
        "id": 18,
        "name": "Cookies",
        "products": [
            {
                "id": 35,
                "entityId": 18,
                "sold": false
            },
            {
                "id": 36,
                "entityId": 18,
                "sold": false
            }
        ]
    },
    {
        "id": 19,
        "name": "Ice Cream",
        "products": [
            {
                "id": 37,
                "entityId": 19,
                "sold": false
            },
            {
                "id": 38,
                "entityId": 19,
                "sold": false
            }
        ]
    },
    {
        "id": 20,
        "name": "Paper Towels",
        "products": [
            {
                "id": 39,
                "entityId": 20,
                "sold": false
            },
            {
                "id": 40,
                "entityId": 20,
                "sold": false
            }
        ]
    }
]
