{
    "id": 401,
    "username": "SIMPLEUSER",
    "email": "simpleUser@gmail.com",
    "role": "EMPLOYEE"
}